../Drivers/CMSIS/Include/core_cm4.h:1688:22:__NVIC_EnableIRQ	16	static
../Drivers/CMSIS/Include/core_cm4.h:1816:22:__NVIC_SetPriority	16	static
../Core/Peripherals/Src/adc_single_conversion.c:9:10:pa0_adc_single_conversion_read	8	static
../Core/Peripherals/Src/adc_single_conversion.c:13:13:adc_continuous_conv_init	56	static
../Core/Peripherals/Src/adc_single_conversion.c:51:6:adc_single_conversion_init_start	8	static
../Core/Peripherals/Src/adc_single_conversion.c:56:6:HAL_ADC_ConvCpltCallback	24	static
../Core/Peripherals/Src/adc_single_conversion.c:62:6:ADC_IRQHandler	8	static
